// Jest Snapshot v1, https://goo.gl/fbAQLP

exports[`addGitHubSettingsYml file added 1`] = `undefined`;

exports[`addGitHubSettingsYml override 1`] = `undefined`;
