// Jest Snapshot v1, https://goo.gl/fbAQLP

exports[`addNodeVersionFile file added 1`] = `"14.18.0"`;
