// Jest Snapshot v1, https://goo.gl/fbAQLP

exports[`addAddToProjectWorkflowYml file added 1`] = `
"# ~~ Generated by projen. To modify, edit .projenrc.js and run "npx projen".

name: add-to-update-projen-project
on:
  pull_request:
    types:
      - opened
      - labeled
concurrency:
  group: \${{ github.workflow }}-\${{ github.ref_name }}
jobs:
  add-to-update-projen-project:
    runs-on: ubuntu-latest
    permissions:
      contents: read
    steps:
      - name: Add to project
        uses: actions/add-to-project@v0.4.1
        with:
          project-url: https://github.com/orgs/time-loop/projects/6
          github-token: \${{ secrets.RENOVATEBOT_GITHUB_TOKEN }}
          labeled: update-projen
"
`;

exports[`addAddToProjectWorkflowYml file added 2`] = `undefined`;
